[18-Aug-2026 19:50:25 Asia/Manila] Database connection failed: SQLSTATE[08001]: [Microsoft][ODBC Driver 17 for SQL Server]TCP Provider: No connection could be made because the target machine actively refused it.

[18-Aug-2026 19:50:59 Asia/Manila] Database connection failed: SQLSTATE[08001]: [Microsoft][ODBC Driver 17 for SQL Server]TCP Provider: No connection could be made because the target machine actively refused it.

[29-Aug-2026 20:32:06 Asia/Manila] PHP Fatal error:  Uncaught PDOException: SQLSTATE[07002]: [Microsoft][ODBC Driver 17 for SQL Server]COUNT field incorrect or syntax error in C:\xampp\htdocs\POS_STORE\app\models\Chat.php:64
Stack trace:
#0 C:\xampp\htdocs\POS_STORE\app\models\Chat.php(64): PDOStatement->execute()
#1 C:\xampp\htdocs\POS_STORE\app\models\Chat.php(139): Chat->ensureParticipant(1, 1)
#2 C:\xampp\htdocs\POS_STORE\app\controllers\ChatController.php(136): Chat->totalUnreadCount(1)
#3 C:\xampp\htdocs\POS_STORE\app\controllers\ChatController.php(43): ChatController->unreadCount()
#4 C:\xampp\htdocs\POS_STORE\app\controllers\ChatController.php(142): ChatController->dispatch()
#5 {main}
  thrown in C:\xampp\htdocs\POS_STORE\app\models\Chat.php on line 64
[29-Aug-2026 20:32:07 Asia/Manila] PHP Fatal error:  Uncaught PDOException: SQLSTATE[07002]: [Microsoft][ODBC Driver 17 for SQL Server]COUNT field incorrect or syntax error in C:\xampp\htdocs\POS_STORE\app\models\Chat.php:64
Stack trace:
#0 C:\xampp\htdocs\POS_STORE\app\models\Chat.php(64): PDOStatement->execute()
#1 C:\xampp\htdocs\POS_STORE\app\models\Chat.php(139): Chat->ensureParticipant(1, 1)
#2 C:\xampp\htdocs\POS_STORE\app\controllers\ChatController.php(136): Chat->totalUnreadCount(1)
#3 C:\xampp\htdocs\POS_STORE\app\controllers\ChatController.php(43): ChatController->unreadCount()
#4 C:\xampp\htdocs\POS_STORE\app\controllers\ChatController.php(142): ChatController->dispatch()
#5 {main}
  thrown in C:\xampp\htdocs\POS_STORE\app\models\Chat.php on line 64
[29-Aug-2026 20:32:11 Asia/Manila] PHP Fatal error:  Uncaught PDOException: SQLSTATE[07002]: [Microsoft][ODBC Driver 17 for SQL Server]COUNT field incorrect or syntax error in C:\xampp\htdocs\POS_STORE\app\models\Chat.php:64
Stack trace:
#0 C:\xampp\htdocs\POS_STORE\app\models\Chat.php(64): PDOStatement->execute()
#1 C:\xampp\htdocs\POS_STORE\app\models\Chat.php(139): Chat->ensureParticipant(1, 1)
#2 C:\xampp\htdocs\POS_STORE\app\controllers\ChatController.php(136): Chat->totalUnreadCount(1)
#3 C:\xampp\htdocs\POS_STORE\app\controllers\ChatController.php(43): ChatController->unreadCount()
#4 C:\xampp\htdocs\POS_STORE\app\controllers\ChatController.php(142): ChatController->dispatch()
#5 {main}
  thrown in C:\xampp\htdocs\POS_STORE\app\models\Chat.php on line 64
[29-Aug-2026 20:32:13 Asia/Manila] PHP Fatal error:  Uncaught PDOException: SQLSTATE[07002]: [Microsoft][ODBC Driver 17 for SQL Server]COUNT field incorrect or syntax error in C:\xampp\htdocs\POS_STORE\app\models\Chat.php:64
Stack trace:
#0 C:\xampp\htdocs\POS_STORE\app\models\Chat.php(64): PDOStatement->execute()
#1 C:\xampp\htdocs\POS_STORE\app\models\Chat.php(101): Chat->ensureParticipant(1, 1)
#2 C:\xampp\htdocs\POS_STORE\app\controllers\ChatController.php(60): Chat->listConversationsForUser(1)
#3 C:\xampp\htdocs\POS_STORE\app\controllers\ChatController.php(37): ChatController->conversations()
#4 C:\xampp\htdocs\POS_STORE\app\controllers\ChatController.php(142): ChatController->dispatch()
#5 {main}
  thrown in C:\xampp\htdocs\POS_STORE\app\models\Chat.php on line 64
[29-Aug-2026 20:32:18 Asia/Manila] PHP Fatal error:  Uncaught PDOException: SQLSTATE[07002]: [Microsoft][ODBC Driver 17 for SQL Server]COUNT field incorrect or syntax error in C:\xampp\htdocs\POS_STORE\app\models\Chat.php:64
Stack trace:
#0 C:\xampp\htdocs\POS_STORE\app\models\Chat.php(64): PDOStatement->execute()
#1 C:\xampp\htdocs\POS_STORE\app\models\Chat.php(139): Chat->ensureParticipant(1, 1)
#2 C:\xampp\htdocs\POS_STORE\app\controllers\ChatController.php(136): Chat->totalUnreadCount(1)
#3 C:\xampp\htdocs\POS_STORE\app\controllers\ChatController.php(43): ChatController->unreadCount()
#4 C:\xampp\htdocs\POS_STORE\app\controllers\ChatController.php(142): ChatController->dispatch()
#5 {main}
  thrown in C:\xampp\htdocs\POS_STORE\app\models\Chat.php on line 64
[29-Aug-2026 20:32:19 Asia/Manila] PHP Fatal error:  Uncaught PDOException: SQLSTATE[07002]: [Microsoft][ODBC Driver 17 for SQL Server]COUNT field incorrect or syntax error in C:\xampp\htdocs\POS_STORE\app\models\Chat.php:64
Stack trace:
#0 C:\xampp\htdocs\POS_STORE\app\models\Chat.php(64): PDOStatement->execute()
#1 C:\xampp\htdocs\POS_STORE\app\models\Chat.php(139): Chat->ensureParticipant(1, 1)
#2 C:\xampp\htdocs\POS_STORE\app\controllers\ChatController.php(136): Chat->totalUnreadCount(1)
#3 C:\xampp\htdocs\POS_STORE\app\controllers\ChatController.php(43): ChatController->unreadCount()
#4 C:\xampp\htdocs\POS_STORE\app\controllers\ChatController.php(142): ChatController->dispatch()
#5 {main}
  thrown in C:\xampp\htdocs\POS_STORE\app\models\Chat.php on line 64
[29-Aug-2026 20:32:19 Asia/Manila] PHP Fatal error:  Uncaught PDOException: SQLSTATE[07002]: [Microsoft][ODBC Driver 17 for SQL Server]COUNT field incorrect or syntax error in C:\xampp\htdocs\POS_STORE\app\models\Chat.php:64
Stack trace:
#0 C:\xampp\htdocs\POS_STORE\app\models\Chat.php(64): PDOStatement->execute()
#1 C:\xampp\htdocs\POS_STORE\app\models\Chat.php(139): Chat->ensureParticipant(1, 1)
#2 C:\xampp\htdocs\POS_STORE\app\controllers\ChatController.php(136): Chat->totalUnreadCount(1)
#3 C:\xampp\htdocs\POS_STORE\app\controllers\ChatController.php(43): ChatController->unreadCount()
#4 C:\xampp\htdocs\POS_STORE\app\controllers\ChatController.php(142): ChatController->dispatch()
#5 {main}
  thrown in C:\xampp\htdocs\POS_STORE\app\models\Chat.php on line 64
[29-Aug-2026 20:32:20 Asia/Manila] PHP Fatal error:  Uncaught PDOException: SQLSTATE[07002]: [Microsoft][ODBC Driver 17 for SQL Server]COUNT field incorrect or syntax error in C:\xampp\htdocs\POS_STORE\app\models\Chat.php:64
Stack trace:
#0 C:\xampp\htdocs\POS_STORE\app\models\Chat.php(64): PDOStatement->execute()
#1 C:\xampp\htdocs\POS_STORE\app\models\Chat.php(139): Chat->ensureParticipant(1, 1)
#2 C:\xampp\htdocs\POS_STORE\app\controllers\ChatController.php(136): Chat->totalUnreadCount(1)
#3 C:\xampp\htdocs\POS_STORE\app\controllers\ChatController.php(43): ChatController->unreadCount()
#4 C:\xampp\htdocs\POS_STORE\app\controllers\ChatController.php(142): ChatController->dispatch()
#5 {main}
  thrown in C:\xampp\htdocs\POS_STORE\app\models\Chat.php on line 64
[29-Aug-2026 20:32:20 Asia/Manila] PHP Fatal error:  Uncaught PDOException: SQLSTATE[07002]: [Microsoft][ODBC Driver 17 for SQL Server]COUNT field incorrect or syntax error in C:\xampp\htdocs\POS_STORE\app\models\Chat.php:64
Stack trace:
#0 C:\xampp\htdocs\POS_STORE\app\models\Chat.php(64): PDOStatement->execute()
#1 C:\xampp\htdocs\POS_STORE\app\models\Chat.php(139): Chat->ensureParticipant(1, 1)
#2 C:\xampp\htdocs\POS_STORE\app\controllers\ChatController.php(136): Chat->totalUnreadCount(1)
#3 C:\xampp\htdocs\POS_STORE\app\controllers\ChatController.php(43): ChatController->unreadCount()
#4 C:\xampp\htdocs\POS_STORE\app\controllers\ChatController.php(142): ChatController->dispatch()
#5 {main}
  thrown in C:\xampp\htdocs\POS_STORE\app\models\Chat.php on line 64
[29-Aug-2026 20:32:21 Asia/Manila] PHP Fatal error:  Uncaught PDOException: SQLSTATE[07002]: [Microsoft][ODBC Driver 17 for SQL Server]COUNT field incorrect or syntax error in C:\xampp\htdocs\POS_STORE\app\models\Chat.php:64
Stack trace:
#0 C:\xampp\htdocs\POS_STORE\app\models\Chat.php(64): PDOStatement->execute()
#1 C:\xampp\htdocs\POS_STORE\app\models\Chat.php(139): Chat->ensureParticipant(1, 1)
#2 C:\xampp\htdocs\POS_STORE\app\controllers\ChatController.php(136): Chat->totalUnreadCount(1)
#3 C:\xampp\htdocs\POS_STORE\app\controllers\ChatController.php(43): ChatController->unreadCount()
#4 C:\xampp\htdocs\POS_STORE\app\controllers\ChatController.php(142): ChatController->dispatch()
#5 {main}
  thrown in C:\xampp\htdocs\POS_STORE\app\models\Chat.php on line 64
[29-Aug-2026 20:32:25 Asia/Manila] PHP Fatal error:  Uncaught PDOException: SQLSTATE[07002]: [Microsoft][ODBC Driver 17 for SQL Server]COUNT field incorrect or syntax error in C:\xampp\htdocs\POS_STORE\app\models\Chat.php:64
Stack trace:
#0 C:\xampp\htdocs\POS_STORE\app\models\Chat.php(64): PDOStatement->execute()
#1 C:\xampp\htdocs\POS_STORE\app\models\Chat.php(139): Chat->ensureParticipant(1, 1)
#2 C:\xampp\htdocs\POS_STORE\app\controllers\ChatController.php(136): Chat->totalUnreadCount(1)
#3 C:\xampp\htdocs\POS_STORE\app\controllers\ChatController.php(43): ChatController->unreadCount()
#4 C:\xampp\htdocs\POS_STORE\app\controllers\ChatController.php(142): ChatController->dispatch()
#5 {main}
  thrown in C:\xampp\htdocs\POS_STORE\app\models\Chat.php on line 64
[29-Aug-2026 20:33:10 Asia/Manila] PHP Fatal error:  Uncaught PDOException: SQLSTATE[07002]: [Microsoft][ODBC Driver 17 for SQL Server]COUNT field incorrect or syntax error in C:\xampp\htdocs\POS_STORE\app\models\Chat.php:64
Stack trace:
#0 C:\xampp\htdocs\POS_STORE\app\models\Chat.php(64): PDOStatement->execute()
#1 C:\xampp\htdocs\POS_STORE\app\models\Chat.php(139): Chat->ensureParticipant(1, 3)
#2 C:\xampp\htdocs\POS_STORE\app\controllers\ChatController.php(136): Chat->totalUnreadCount(3)
#3 C:\xampp\htdocs\POS_STORE\app\controllers\ChatController.php(43): ChatController->unreadCount()
#4 C:\xampp\htdocs\POS_STORE\app\controllers\ChatController.php(142): ChatController->dispatch()
#5 {main}
  thrown in C:\xampp\htdocs\POS_STORE\app\models\Chat.php on line 64
[29-Aug-2026 20:33:12 Asia/Manila] PHP Fatal error:  Uncaught PDOException: SQLSTATE[07002]: [Microsoft][ODBC Driver 17 for SQL Server]COUNT field incorrect or syntax error in C:\xampp\htdocs\POS_STORE\app\models\Chat.php:64
Stack trace:
#0 C:\xampp\htdocs\POS_STORE\app\models\Chat.php(64): PDOStatement->execute()
#1 C:\xampp\htdocs\POS_STORE\app\models\Chat.php(139): Chat->ensureParticipant(1, 3)
#2 C:\xampp\htdocs\POS_STORE\app\controllers\ChatController.php(136): Chat->totalUnreadCount(3)
#3 C:\xampp\htdocs\POS_STORE\app\controllers\ChatController.php(43): ChatController->unreadCount()
#4 C:\xampp\htdocs\POS_STORE\app\controllers\ChatController.php(142): ChatController->dispatch()
#5 {main}
  thrown in C:\xampp\htdocs\POS_STORE\app\models\Chat.php on line 64
[29-Aug-2026 20:33:13 Asia/Manila] PHP Fatal error:  Uncaught PDOException: SQLSTATE[07002]: [Microsoft][ODBC Driver 17 for SQL Server]COUNT field incorrect or syntax error in C:\xampp\htdocs\POS_STORE\app\models\Chat.php:64
Stack trace:
#0 C:\xampp\htdocs\POS_STORE\app\models\Chat.php(64): PDOStatement->execute()
#1 C:\xampp\htdocs\POS_STORE\app\models\Chat.php(139): Chat->ensureParticipant(1, 3)
#2 C:\xampp\htdocs\POS_STORE\app\controllers\ChatController.php(136): Chat->totalUnreadCount(3)
#3 C:\xampp\htdocs\POS_STORE\app\controllers\ChatController.php(43): ChatController->unreadCount()
#4 C:\xampp\htdocs\POS_STORE\app\controllers\ChatController.php(142): ChatController->dispatch()
#5 {main}
  thrown in C:\xampp\htdocs\POS_STORE\app\models\Chat.php on line 64
[29-Aug-2026 20:33:14 Asia/Manila] PHP Fatal error:  Uncaught PDOException: SQLSTATE[07002]: [Microsoft][ODBC Driver 17 for SQL Server]COUNT field incorrect or syntax error in C:\xampp\htdocs\POS_STORE\app\models\Chat.php:64
Stack trace:
#0 C:\xampp\htdocs\POS_STORE\app\models\Chat.php(64): PDOStatement->execute()
#1 C:\xampp\htdocs\POS_STORE\app\models\Chat.php(101): Chat->ensureParticipant(1, 3)
#2 C:\xampp\htdocs\POS_STORE\app\controllers\ChatController.php(60): Chat->listConversationsForUser(3)
#3 C:\xampp\htdocs\POS_STORE\app\controllers\ChatController.php(37): ChatController->conversations()
#4 C:\xampp\htdocs\POS_STORE\app\controllers\ChatController.php(142): ChatController->dispatch()
#5 {main}
  thrown in C:\xampp\htdocs\POS_STORE\app\models\Chat.php on line 64
[29-Aug-2026 20:33:31 Asia/Manila] PHP Fatal error:  Uncaught PDOException: SQLSTATE[07002]: [Microsoft][ODBC Driver 17 for SQL Server]COUNT field incorrect or syntax error in C:\xampp\htdocs\POS_STORE\app\models\Chat.php:64
Stack trace:
#0 C:\xampp\htdocs\POS_STORE\app\models\Chat.php(64): PDOStatement->execute()
#1 C:\xampp\htdocs\POS_STORE\app\models\Chat.php(139): Chat->ensureParticipant(1, 3)
#2 C:\xampp\htdocs\POS_STORE\app\controllers\ChatController.php(136): Chat->totalUnreadCount(3)
#3 C:\xampp\htdocs\POS_STORE\app\controllers\ChatController.php(43): ChatController->unreadCount()
#4 C:\xampp\htdocs\POS_STORE\app\controllers\ChatController.php(142): ChatController->dispatch()
#5 {main}
  thrown in C:\xampp\htdocs\POS_STORE\app\models\Chat.php on line 64
[29-Aug-2026 20:33:32 Asia/Manila] PHP Fatal error:  Uncaught PDOException: SQLSTATE[07002]: [Microsoft][ODBC Driver 17 for SQL Server]COUNT field incorrect or syntax error in C:\xampp\htdocs\POS_STORE\app\models\Chat.php:64
Stack trace:
#0 C:\xampp\htdocs\POS_STORE\app\models\Chat.php(64): PDOStatement->execute()
#1 C:\xampp\htdocs\POS_STORE\app\models\Chat.php(139): Chat->ensureParticipant(1, 3)
#2 C:\xampp\htdocs\POS_STORE\app\controllers\ChatController.php(136): Chat->totalUnreadCount(3)
#3 C:\xampp\htdocs\POS_STORE\app\controllers\ChatController.php(43): ChatController->unreadCount()
#4 C:\xampp\htdocs\POS_STORE\app\controllers\ChatController.php(142): ChatController->dispatch()
#5 {main}
  thrown in C:\xampp\htdocs\POS_STORE\app\models\Chat.php on line 64
[29-Aug-2026 20:33:33 Asia/Manila] PHP Fatal error:  Uncaught PDOException: SQLSTATE[07002]: [Microsoft][ODBC Driver 17 for SQL Server]COUNT field incorrect or syntax error in C:\xampp\htdocs\POS_STORE\app\models\Chat.php:64
Stack trace:
#0 C:\xampp\htdocs\POS_STORE\app\models\Chat.php(64): PDOStatement->execute()
#1 C:\xampp\htdocs\POS_STORE\app\models\Chat.php(139): Chat->ensureParticipant(1, 3)
#2 C:\xampp\htdocs\POS_STORE\app\controllers\ChatController.php(136): Chat->totalUnreadCount(3)
#3 C:\xampp\htdocs\POS_STORE\app\controllers\ChatController.php(43): ChatController->unreadCount()
#4 C:\xampp\htdocs\POS_STORE\app\controllers\ChatController.php(142): ChatController->dispatch()
#5 {main}
  thrown in C:\xampp\htdocs\POS_STORE\app\models\Chat.php on line 64
[29-Aug-2026 20:33:34 Asia/Manila] PHP Fatal error:  Uncaught PDOException: SQLSTATE[07002]: [Microsoft][ODBC Driver 17 for SQL Server]COUNT field incorrect or syntax error in C:\xampp\htdocs\POS_STORE\app\models\Chat.php:64
Stack trace:
#0 C:\xampp\htdocs\POS_STORE\app\models\Chat.php(64): PDOStatement->execute()
#1 C:\xampp\htdocs\POS_STORE\app\models\Chat.php(139): Chat->ensureParticipant(1, 3)
#2 C:\xampp\htdocs\POS_STORE\app\controllers\ChatController.php(136): Chat->totalUnreadCount(3)
#3 C:\xampp\htdocs\POS_STORE\app\controllers\ChatController.php(43): ChatController->unreadCount()
#4 C:\xampp\htdocs\POS_STORE\app\controllers\ChatController.php(142): ChatController->dispatch()
#5 {main}
  thrown in C:\xampp\htdocs\POS_STORE\app\models\Chat.php on line 64
[29-Aug-2026 20:33:38 Asia/Manila] PHP Fatal error:  Uncaught PDOException: SQLSTATE[07002]: [Microsoft][ODBC Driver 17 for SQL Server]COUNT field incorrect or syntax error in C:\xampp\htdocs\POS_STORE\app\models\Chat.php:64
Stack trace:
#0 C:\xampp\htdocs\POS_STORE\app\models\Chat.php(64): PDOStatement->execute()
#1 C:\xampp\htdocs\POS_STORE\app\models\Chat.php(139): Chat->ensureParticipant(1, 3)
#2 C:\xampp\htdocs\POS_STORE\app\controllers\ChatController.php(136): Chat->totalUnreadCount(3)
#3 C:\xampp\htdocs\POS_STORE\app\controllers\ChatController.php(43): ChatController->unreadCount()
#4 C:\xampp\htdocs\POS_STORE\app\controllers\ChatController.php(142): ChatController->dispatch()
#5 {main}
  thrown in C:\xampp\htdocs\POS_STORE\app\models\Chat.php on line 64
[29-Aug-2026 20:33:39 Asia/Manila] PHP Fatal error:  Uncaught PDOException: SQLSTATE[07002]: [Microsoft][ODBC Driver 17 for SQL Server]COUNT field incorrect or syntax error in C:\xampp\htdocs\POS_STORE\app\models\Chat.php:64
Stack trace:
#0 C:\xampp\htdocs\POS_STORE\app\models\Chat.php(64): PDOStatement->execute()
#1 C:\xampp\htdocs\POS_STORE\app\models\Chat.php(139): Chat->ensureParticipant(1, 3)
#2 C:\xampp\htdocs\POS_STORE\app\controllers\ChatController.php(136): Chat->totalUnreadCount(3)
#3 C:\xampp\htdocs\POS_STORE\app\controllers\ChatController.php(43): ChatController->unreadCount()
#4 C:\xampp\htdocs\POS_STORE\app\controllers\ChatController.php(142): ChatController->dispatch()
#5 {main}
  thrown in C:\xampp\htdocs\POS_STORE\app\models\Chat.php on line 64
[29-Aug-2026 20:33:40 Asia/Manila] PHP Fatal error:  Uncaught PDOException: SQLSTATE[07002]: [Microsoft][ODBC Driver 17 for SQL Server]COUNT field incorrect or syntax error in C:\xampp\htdocs\POS_STORE\app\models\Chat.php:64
Stack trace:
#0 C:\xampp\htdocs\POS_STORE\app\models\Chat.php(64): PDOStatement->execute()
#1 C:\xampp\htdocs\POS_STORE\app\models\Chat.php(139): Chat->ensureParticipant(1, 3)
#2 C:\xampp\htdocs\POS_STORE\app\controllers\ChatController.php(136): Chat->totalUnreadCount(3)
#3 C:\xampp\htdocs\POS_STORE\app\controllers\ChatController.php(43): ChatController->unreadCount()
#4 C:\xampp\htdocs\POS_STORE\app\controllers\ChatController.php(142): ChatController->dispatch()
#5 {main}
  thrown in C:\xampp\htdocs\POS_STORE\app\models\Chat.php on line 64
[29-Aug-2026 20:33:40 Asia/Manila] PHP Fatal error:  Uncaught PDOException: SQLSTATE[07002]: [Microsoft][ODBC Driver 17 for SQL Server]COUNT field incorrect or syntax error in C:\xampp\htdocs\POS_STORE\app\models\Chat.php:64
Stack trace:
#0 C:\xampp\htdocs\POS_STORE\app\models\Chat.php(64): PDOStatement->execute()
#1 C:\xampp\htdocs\POS_STORE\app\models\Chat.php(139): Chat->ensureParticipant(1, 3)
#2 C:\xampp\htdocs\POS_STORE\app\controllers\ChatController.php(136): Chat->totalUnreadCount(3)
#3 C:\xampp\htdocs\POS_STORE\app\controllers\ChatController.php(43): ChatController->unreadCount()
#4 C:\xampp\htdocs\POS_STORE\app\controllers\ChatController.php(142): ChatController->dispatch()
#5 {main}
  thrown in C:\xampp\htdocs\POS_STORE\app\models\Chat.php on line 64
[29-Aug-2026 20:33:41 Asia/Manila] PHP Fatal error:  Uncaught PDOException: SQLSTATE[07002]: [Microsoft][ODBC Driver 17 for SQL Server]COUNT field incorrect or syntax error in C:\xampp\htdocs\POS_STORE\app\models\Chat.php:64
Stack trace:
#0 C:\xampp\htdocs\POS_STORE\app\models\Chat.php(64): PDOStatement->execute()
#1 C:\xampp\htdocs\POS_STORE\app\models\Chat.php(139): Chat->ensureParticipant(1, 3)
#2 C:\xampp\htdocs\POS_STORE\app\controllers\ChatController.php(136): Chat->totalUnreadCount(3)
#3 C:\xampp\htdocs\POS_STORE\app\controllers\ChatController.php(43): ChatController->unreadCount()
#4 C:\xampp\htdocs\POS_STORE\app\controllers\ChatController.php(142): ChatController->dispatch()
#5 {main}
  thrown in C:\xampp\htdocs\POS_STORE\app\models\Chat.php on line 64
[29-Aug-2026 20:33:41 Asia/Manila] PHP Fatal error:  Uncaught PDOException: SQLSTATE[07002]: [Microsoft][ODBC Driver 17 for SQL Server]COUNT field incorrect or syntax error in C:\xampp\htdocs\POS_STORE\app\models\Chat.php:64
Stack trace:
#0 C:\xampp\htdocs\POS_STORE\app\models\Chat.php(64): PDOStatement->execute()
#1 C:\xampp\htdocs\POS_STORE\app\models\Chat.php(139): Chat->ensureParticipant(1, 3)
#2 C:\xampp\htdocs\POS_STORE\app\controllers\ChatController.php(136): Chat->totalUnreadCount(3)
#3 C:\xampp\htdocs\POS_STORE\app\controllers\ChatController.php(43): ChatController->unreadCount()
#4 C:\xampp\htdocs\POS_STORE\app\controllers\ChatController.php(142): ChatController->dispatch()
#5 {main}
  thrown in C:\xampp\htdocs\POS_STORE\app\models\Chat.php on line 64
[29-Aug-2026 20:33:42 Asia/Manila] PHP Fatal error:  Uncaught PDOException: SQLSTATE[07002]: [Microsoft][ODBC Driver 17 for SQL Server]COUNT field incorrect or syntax error in C:\xampp\htdocs\POS_STORE\app\models\Chat.php:64
Stack trace:
#0 C:\xampp\htdocs\POS_STORE\app\models\Chat.php(64): PDOStatement->execute()
#1 C:\xampp\htdocs\POS_STORE\app\models\Chat.php(139): Chat->ensureParticipant(1, 3)
#2 C:\xampp\htdocs\POS_STORE\app\controllers\ChatController.php(136): Chat->totalUnreadCount(3)
#3 C:\xampp\htdocs\POS_STORE\app\controllers\ChatController.php(43): ChatController->unreadCount()
#4 C:\xampp\htdocs\POS_STORE\app\controllers\ChatController.php(142): ChatController->dispatch()
#5 {main}
  thrown in C:\xampp\htdocs\POS_STORE\app\models\Chat.php on line 64
[29-Aug-2026 20:33:42 Asia/Manila] PHP Fatal error:  Uncaught PDOException: SQLSTATE[07002]: [Microsoft][ODBC Driver 17 for SQL Server]COUNT field incorrect or syntax error in C:\xampp\htdocs\POS_STORE\app\models\Chat.php:64
Stack trace:
#0 C:\xampp\htdocs\POS_STORE\app\models\Chat.php(64): PDOStatement->execute()
#1 C:\xampp\htdocs\POS_STORE\app\models\Chat.php(139): Chat->ensureParticipant(1, 3)
#2 C:\xampp\htdocs\POS_STORE\app\controllers\ChatController.php(136): Chat->totalUnreadCount(3)
#3 C:\xampp\htdocs\POS_STORE\app\controllers\ChatController.php(43): ChatController->unreadCount()
#4 C:\xampp\htdocs\POS_STORE\app\controllers\ChatController.php(142): ChatController->dispatch()
#5 {main}
  thrown in C:\xampp\htdocs\POS_STORE\app\models\Chat.php on line 64
[29-Aug-2026 20:33:42 Asia/Manila] PHP Fatal error:  Uncaught PDOException: SQLSTATE[07002]: [Microsoft][ODBC Driver 17 for SQL Server]COUNT field incorrect or syntax error in C:\xampp\htdocs\POS_STORE\app\models\Chat.php:64
Stack trace:
#0 C:\xampp\htdocs\POS_STORE\app\models\Chat.php(64): PDOStatement->execute()
#1 C:\xampp\htdocs\POS_STORE\app\models\Chat.php(139): Chat->ensureParticipant(1, 3)
#2 C:\xampp\htdocs\POS_STORE\app\controllers\ChatController.php(136): Chat->totalUnreadCount(3)
#3 C:\xampp\htdocs\POS_STORE\app\controllers\ChatController.php(43): ChatController->unreadCount()
#4 C:\xampp\htdocs\POS_STORE\app\controllers\ChatController.php(142): ChatController->dispatch()
#5 {main}
  thrown in C:\xampp\htdocs\POS_STORE\app\models\Chat.php on line 64
[29-Aug-2026 20:33:43 Asia/Manila] PHP Fatal error:  Uncaught PDOException: SQLSTATE[07002]: [Microsoft][ODBC Driver 17 for SQL Server]COUNT field incorrect or syntax error in C:\xampp\htdocs\POS_STORE\app\models\Chat.php:64
Stack trace:
#0 C:\xampp\htdocs\POS_STORE\app\models\Chat.php(64): PDOStatement->execute()
#1 C:\xampp\htdocs\POS_STORE\app\models\Chat.php(139): Chat->ensureParticipant(1, 3)
#2 C:\xampp\htdocs\POS_STORE\app\controllers\ChatController.php(136): Chat->totalUnreadCount(3)
#3 C:\xampp\htdocs\POS_STORE\app\controllers\ChatController.php(43): ChatController->unreadCount()
#4 C:\xampp\htdocs\POS_STORE\app\controllers\ChatController.php(142): ChatController->dispatch()
#5 {main}
  thrown in C:\xampp\htdocs\POS_STORE\app\models\Chat.php on line 64
[29-Aug-2026 20:33:43 Asia/Manila] PHP Fatal error:  Uncaught PDOException: SQLSTATE[07002]: [Microsoft][ODBC Driver 17 for SQL Server]COUNT field incorrect or syntax error in C:\xampp\htdocs\POS_STORE\app\models\Chat.php:64
Stack trace:
#0 C:\xampp\htdocs\POS_STORE\app\models\Chat.php(64): PDOStatement->execute()
#1 C:\xampp\htdocs\POS_STORE\app\models\Chat.php(139): Chat->ensureParticipant(1, 3)
#2 C:\xampp\htdocs\POS_STORE\app\controllers\ChatController.php(136): Chat->totalUnreadCount(3)
#3 C:\xampp\htdocs\POS_STORE\app\controllers\ChatController.php(43): ChatController->unreadCount()
#4 C:\xampp\htdocs\POS_STORE\app\controllers\ChatController.php(142): ChatController->dispatch()
#5 {main}
  thrown in C:\xampp\htdocs\POS_STORE\app\models\Chat.php on line 64
[29-Aug-2026 20:33:43 Asia/Manila] PHP Fatal error:  Uncaught PDOException: SQLSTATE[07002]: [Microsoft][ODBC Driver 17 for SQL Server]COUNT field incorrect or syntax error in C:\xampp\htdocs\POS_STORE\app\models\Chat.php:64
Stack trace:
#0 C:\xampp\htdocs\POS_STORE\app\models\Chat.php(64): PDOStatement->execute()
#1 C:\xampp\htdocs\POS_STORE\app\models\Chat.php(139): Chat->ensureParticipant(1, 3)
#2 C:\xampp\htdocs\POS_STORE\app\controllers\ChatController.php(136): Chat->totalUnreadCount(3)
#3 C:\xampp\htdocs\POS_STORE\app\controllers\ChatController.php(43): ChatController->unreadCount()
#4 C:\xampp\htdocs\POS_STORE\app\controllers\ChatController.php(142): ChatController->dispatch()
#5 {main}
  thrown in C:\xampp\htdocs\POS_STORE\app\models\Chat.php on line 64
[29-Aug-2026 20:33:44 Asia/Manila] PHP Fatal error:  Uncaught PDOException: SQLSTATE[07002]: [Microsoft][ODBC Driver 17 for SQL Server]COUNT field incorrect or syntax error in C:\xampp\htdocs\POS_STORE\app\models\Chat.php:64
Stack trace:
#0 C:\xampp\htdocs\POS_STORE\app\models\Chat.php(64): PDOStatement->execute()
#1 C:\xampp\htdocs\POS_STORE\app\models\Chat.php(139): Chat->ensureParticipant(1, 3)
#2 C:\xampp\htdocs\POS_STORE\app\controllers\ChatController.php(136): Chat->totalUnreadCount(3)
#3 C:\xampp\htdocs\POS_STORE\app\controllers\ChatController.php(43): ChatController->unreadCount()
#4 C:\xampp\htdocs\POS_STORE\app\controllers\ChatController.php(142): ChatController->dispatch()
#5 {main}
  thrown in C:\xampp\htdocs\POS_STORE\app\models\Chat.php on line 64
[29-Aug-2026 20:33:46 Asia/Manila] PHP Fatal error:  Uncaught PDOException: SQLSTATE[07002]: [Microsoft][ODBC Driver 17 for SQL Server]COUNT field incorrect or syntax error in C:\xampp\htdocs\POS_STORE\app\models\Chat.php:64
Stack trace:
#0 C:\xampp\htdocs\POS_STORE\app\models\Chat.php(64): PDOStatement->execute()
#1 C:\xampp\htdocs\POS_STORE\app\models\Chat.php(101): Chat->ensureParticipant(1, 3)
#2 C:\xampp\htdocs\POS_STORE\app\controllers\ChatController.php(60): Chat->listConversationsForUser(3)
#3 C:\xampp\htdocs\POS_STORE\app\controllers\ChatController.php(37): ChatController->conversations()
#4 C:\xampp\htdocs\POS_STORE\app\controllers\ChatController.php(142): ChatController->dispatch()
#5 {main}
  thrown in C:\xampp\htdocs\POS_STORE\app\models\Chat.php on line 64
[29-Aug-2026 20:33:52 Asia/Manila] PHP Fatal error:  Uncaught PDOException: SQLSTATE[07002]: [Microsoft][ODBC Driver 17 for SQL Server]COUNT field incorrect or syntax error in C:\xampp\htdocs\POS_STORE\app\models\Chat.php:64
Stack trace:
#0 C:\xampp\htdocs\POS_STORE\app\models\Chat.php(64): PDOStatement->execute()
#1 C:\xampp\htdocs\POS_STORE\app\models\Chat.php(139): Chat->ensureParticipant(1, 3)
#2 C:\xampp\htdocs\POS_STORE\app\controllers\ChatController.php(136): Chat->totalUnreadCount(3)
#3 C:\xampp\htdocs\POS_STORE\app\controllers\ChatController.php(43): ChatController->unreadCount()
#4 C:\xampp\htdocs\POS_STORE\app\controllers\ChatController.php(142): ChatController->dispatch()
#5 {main}
  thrown in C:\xampp\htdocs\POS_STORE\app\models\Chat.php on line 64
[29-Aug-2026 20:33:52 Asia/Manila] PHP Fatal error:  Uncaught PDOException: SQLSTATE[07002]: [Microsoft][ODBC Driver 17 for SQL Server]COUNT field incorrect or syntax error in C:\xampp\htdocs\POS_STORE\app\models\Chat.php:64
Stack trace:
#0 C:\xampp\htdocs\POS_STORE\app\models\Chat.php(64): PDOStatement->execute()
#1 C:\xampp\htdocs\POS_STORE\app\models\Chat.php(139): Chat->ensureParticipant(1, 3)
#2 C:\xampp\htdocs\POS_STORE\app\controllers\ChatController.php(136): Chat->totalUnreadCount(3)
#3 C:\xampp\htdocs\POS_STORE\app\controllers\ChatController.php(43): ChatController->unreadCount()
#4 C:\xampp\htdocs\POS_STORE\app\controllers\ChatController.php(142): ChatController->dispatch()
#5 {main}
  thrown in C:\xampp\htdocs\POS_STORE\app\models\Chat.php on line 64
[29-Aug-2026 20:33:53 Asia/Manila] PHP Fatal error:  Uncaught PDOException: SQLSTATE[07002]: [Microsoft][ODBC Driver 17 for SQL Server]COUNT field incorrect or syntax error in C:\xampp\htdocs\POS_STORE\app\models\Chat.php:64
Stack trace:
#0 C:\xampp\htdocs\POS_STORE\app\models\Chat.php(64): PDOStatement->execute()
#1 C:\xampp\htdocs\POS_STORE\app\models\Chat.php(139): Chat->ensureParticipant(1, 3)
#2 C:\xampp\htdocs\POS_STORE\app\controllers\ChatController.php(136): Chat->totalUnreadCount(3)
#3 C:\xampp\htdocs\POS_STORE\app\controllers\ChatController.php(43): ChatController->unreadCount()
#4 C:\xampp\htdocs\POS_STORE\app\controllers\ChatController.php(142): ChatController->dispatch()
#5 {main}
  thrown in C:\xampp\htdocs\POS_STORE\app\models\Chat.php on line 64
[29-Aug-2026 20:33:53 Asia/Manila] PHP Fatal error:  Uncaught PDOException: SQLSTATE[07002]: [Microsoft][ODBC Driver 17 for SQL Server]COUNT field incorrect or syntax error in C:\xampp\htdocs\POS_STORE\app\models\Chat.php:64
Stack trace:
#0 C:\xampp\htdocs\POS_STORE\app\models\Chat.php(64): PDOStatement->execute()
#1 C:\xampp\htdocs\POS_STORE\app\models\Chat.php(139): Chat->ensureParticipant(1, 3)
#2 C:\xampp\htdocs\POS_STORE\app\controllers\ChatController.php(136): Chat->totalUnreadCount(3)
#3 C:\xampp\htdocs\POS_STORE\app\controllers\ChatController.php(43): ChatController->unreadCount()
#4 C:\xampp\htdocs\POS_STORE\app\controllers\ChatController.php(142): ChatController->dispatch()
#5 {main}
  thrown in C:\xampp\htdocs\POS_STORE\app\models\Chat.php on line 64
[29-Aug-2026 20:34:02 Asia/Manila] PHP Fatal error:  Uncaught PDOException: SQLSTATE[07002]: [Microsoft][ODBC Driver 17 for SQL Server]COUNT field incorrect or syntax error in C:\xampp\htdocs\POS_STORE\app\models\Chat.php:64
Stack trace:
#0 C:\xampp\htdocs\POS_STORE\app\models\Chat.php(64): PDOStatement->execute()
#1 C:\xampp\htdocs\POS_STORE\app\models\Chat.php(139): Chat->ensureParticipant(1, 1)
#2 C:\xampp\htdocs\POS_STORE\app\controllers\ChatController.php(136): Chat->totalUnreadCount(1)
#3 C:\xampp\htdocs\POS_STORE\app\controllers\ChatController.php(43): ChatController->unreadCount()
#4 C:\xampp\htdocs\POS_STORE\app\controllers\ChatController.php(142): ChatController->dispatch()
#5 {main}
  thrown in C:\xampp\htdocs\POS_STORE\app\models\Chat.php on line 64
[29-Aug-2026 20:34:18 Asia/Manila] PHP Fatal error:  Uncaught PDOException: SQLSTATE[07002]: [Microsoft][ODBC Driver 17 for SQL Server]COUNT field incorrect or syntax error in C:\xampp\htdocs\POS_STORE\app\models\Chat.php:64
Stack trace:
#0 C:\xampp\htdocs\POS_STORE\app\models\Chat.php(64): PDOStatement->execute()
#1 C:\xampp\htdocs\POS_STORE\app\models\Chat.php(139): Chat->ensureParticipant(1, 1)
#2 C:\xampp\htdocs\POS_STORE\app\controllers\ChatController.php(136): Chat->totalUnreadCount(1)
#3 C:\xampp\htdocs\POS_STORE\app\controllers\ChatController.php(43): ChatController->unreadCount()
#4 C:\xampp\htdocs\POS_STORE\app\controllers\ChatController.php(142): ChatController->dispatch()
#5 {main}
  thrown in C:\xampp\htdocs\POS_STORE\app\models\Chat.php on line 64
